<?xml version="1.0" encoding="UTF-8"?>
<testsuites>
  <testsuite name="C:\Users\carlo\PhpstormProjects\ipsenh-backend\tests" tests="111" assertions="149" errors="0" warnings="0" failures="0" skipped="2" time="11.491276">
    <testsuite name="Tests\Feature\Http\AuthControllerTest" file="C:\Users\carlo\PhpstormProjects\ipsenh-backend\tests\Feature\Http\AuthControllerTest.php" tests="42" assertions="41" errors="0" warnings="0" failures="0" skipped="2" time="7.559651">
      <testcase name="test_login_returns_status_200_with_valid_credentials" class="Tests\Feature\Http\AuthControllerTest" classname="Tests.Feature.Http.AuthControllerTest" file="C:\Users\carlo\PhpstormProjects\ipsenh-backend\tests\Feature\Http\AuthControllerTest.php" line="14" assertions="1" time="6.497094"/>
      <testcase name="test_login_returns_status_422_with_missing_email" class="Tests\Feature\Http\AuthControllerTest" classname="Tests.Feature.Http.AuthControllerTest" file="C:\Users\carlo\PhpstormProjects\ipsenh-backend\tests\Feature\Http\AuthControllerTest.php" line="32" assertions="1" time="0.045638"/>
      <testcase name="test_login_returns_status_422_with_invalid_email" class="Tests\Feature\Http\AuthControllerTest" classname="Tests.Feature.Http.AuthControllerTest" file="C:\Users\carlo\PhpstormProjects\ipsenh-backend\tests\Feature\Http\AuthControllerTest.php" line="43" assertions="1" time="0.046857"/>
      <testcase name="test_login_returns_status_422_with_missing_password" class="Tests\Feature\Http\AuthControllerTest" classname="Tests.Feature.Http.AuthControllerTest" file="C:\Users\carlo\PhpstormProjects\ipsenh-backend\tests\Feature\Http\AuthControllerTest.php" line="54" assertions="1" time="0.013218"/>
      <testcase name="test_login_returns_status_422_with_short_password" class="Tests\Feature\Http\AuthControllerTest" classname="Tests.Feature.Http.AuthControllerTest" file="C:\Users\carlo\PhpstormProjects\ipsenh-backend\tests\Feature\Http\AuthControllerTest.php" line="65" assertions="1" time="0.013523"/>
      <testcase name="test_login_returns_json_message_indicating_that_email_is_required" class="Tests\Feature\Http\AuthControllerTest" classname="Tests.Feature.Http.AuthControllerTest" file="C:\Users\carlo\PhpstormProjects\ipsenh-backend\tests\Feature\Http\AuthControllerTest.php" line="76" assertions="1" time="0.025582"/>
      <testcase name="test_login_returns_json_message_indicating_that_password_is_required" class="Tests\Feature\Http\AuthControllerTest" classname="Tests.Feature.Http.AuthControllerTest" file="C:\Users\carlo\PhpstormProjects\ipsenh-backend\tests\Feature\Http\AuthControllerTest.php" line="89" assertions="1" time="0.015887"/>
      <testcase name="test_login_returns_json_message_indicating_that_email_and_password_are_required" class="Tests\Feature\Http\AuthControllerTest" classname="Tests.Feature.Http.AuthControllerTest" file="C:\Users\carlo\PhpstormProjects\ipsenh-backend\tests\Feature\Http\AuthControllerTest.php" line="102" assertions="2" time="0.013639"/>
      <testcase name="test_login_returns_json_with_a_jwt_token" class="Tests\Feature\Http\AuthControllerTest" classname="Tests.Feature.Http.AuthControllerTest" file="C:\Users\carlo\PhpstormProjects\ipsenh-backend\tests\Feature\Http\AuthControllerTest.php" line="112" assertions="1" time="0.129772"/>
      <testcase name="test_register_returns_status_200_with_valid_request" class="Tests\Feature\Http\AuthControllerTest" classname="Tests.Feature.Http.AuthControllerTest" file="C:\Users\carlo\PhpstormProjects\ipsenh-backend\tests\Feature\Http\AuthControllerTest.php" line="130" assertions="1" time="0.082172"/>
      <testcase name="test_register_persist_user_in_database" class="Tests\Feature\Http\AuthControllerTest" classname="Tests.Feature.Http.AuthControllerTest" file="C:\Users\carlo\PhpstormProjects\ipsenh-backend\tests\Feature\Http\AuthControllerTest.php" line="140" assertions="1" time="0.082074"/>
      <testcase name="test_register_returns_status_422_when_missing_email" class="Tests\Feature\Http\AuthControllerTest" classname="Tests.Feature.Http.AuthControllerTest" file="C:\Users\carlo\PhpstormProjects\ipsenh-backend\tests\Feature\Http\AuthControllerTest.php" line="151" assertions="1" time="0.015132"/>
      <testcase name="test_register_returns_status_422_when_missing_password" class="Tests\Feature\Http\AuthControllerTest" classname="Tests.Feature.Http.AuthControllerTest" file="C:\Users\carlo\PhpstormProjects\ipsenh-backend\tests\Feature\Http\AuthControllerTest.php" line="162" assertions="1" time="0.015461"/>
      <testcase name="test_register_returns_status_422_when_missing_first_name" class="Tests\Feature\Http\AuthControllerTest" classname="Tests.Feature.Http.AuthControllerTest" file="C:\Users\carlo\PhpstormProjects\ipsenh-backend\tests\Feature\Http\AuthControllerTest.php" line="173" assertions="1" time="0.015183"/>
      <testcase name="test_register_returns_status_422_when_missing_middle_name" class="Tests\Feature\Http\AuthControllerTest" classname="Tests.Feature.Http.AuthControllerTest" file="C:\Users\carlo\PhpstormProjects\ipsenh-backend\tests\Feature\Http\AuthControllerTest.php" line="184" assertions="1" time="0.021168"/>
      <testcase name="test_register_returns_status_422_when_missing_last_name" class="Tests\Feature\Http\AuthControllerTest" classname="Tests.Feature.Http.AuthControllerTest" file="C:\Users\carlo\PhpstormProjects\ipsenh-backend\tests\Feature\Http\AuthControllerTest.php" line="195" assertions="1" time="0.017901"/>
      <testcase name="test_register_returns_status_422_when_missing_gender" class="Tests\Feature\Http\AuthControllerTest" classname="Tests.Feature.Http.AuthControllerTest" file="C:\Users\carlo\PhpstormProjects\ipsenh-backend\tests\Feature\Http\AuthControllerTest.php" line="206" assertions="1" time="0.015102"/>
      <testcase name="test_register_returns_status_422_when_missing_date_of_birt" class="Tests\Feature\Http\AuthControllerTest" classname="Tests.Feature.Http.AuthControllerTest" file="C:\Users\carlo\PhpstormProjects\ipsenh-backend\tests\Feature\Http\AuthControllerTest.php" line="217" assertions="1" time="0.014737"/>
      <testcase name="test_register_returns_status_422_when_missing_about_me" class="Tests\Feature\Http\AuthControllerTest" classname="Tests.Feature.Http.AuthControllerTest" file="C:\Users\carlo\PhpstormProjects\ipsenh-backend\tests\Feature\Http\AuthControllerTest.php" line="228" assertions="1" time="0.015474"/>
      <testcase name="test_register_returns_status_422_when_missing_age_rage_top" class="Tests\Feature\Http\AuthControllerTest" classname="Tests.Feature.Http.AuthControllerTest" file="C:\Users\carlo\PhpstormProjects\ipsenh-backend\tests\Feature\Http\AuthControllerTest.php" line="239" assertions="1" time="0.015903"/>
      <testcase name="test_register_returns_status_422_when_missing_age_range_bottom" class="Tests\Feature\Http\AuthControllerTest" classname="Tests.Feature.Http.AuthControllerTest" file="C:\Users\carlo\PhpstormProjects\ipsenh-backend\tests\Feature\Http\AuthControllerTest.php" line="250" assertions="1" time="0.015914"/>
      <testcase name="test_register_returns_status_422_when_missing_max_distance" class="Tests\Feature\Http\AuthControllerTest" classname="Tests.Feature.Http.AuthControllerTest" file="C:\Users\carlo\PhpstormProjects\ipsenh-backend\tests\Feature\Http\AuthControllerTest.php" line="261" assertions="1" time="0.015407"/>
      <testcase name="test_register_returns_status_422_when_missing_interest" class="Tests\Feature\Http\AuthControllerTest" classname="Tests.Feature.Http.AuthControllerTest" file="C:\Users\carlo\PhpstormProjects\ipsenh-backend\tests\Feature\Http\AuthControllerTest.php" line="272" assertions="1" time="0.017073"/>
      <testcase name="test_register_returns_json_message_indicating_that_email_is_required" class="Tests\Feature\Http\AuthControllerTest" classname="Tests.Feature.Http.AuthControllerTest" file="C:\Users\carlo\PhpstormProjects\ipsenh-backend\tests\Feature\Http\AuthControllerTest.php" line="283" assertions="1" time="0.017420"/>
      <testcase name="test_register_returns_json_message_indicating_that_password_is_required" class="Tests\Feature\Http\AuthControllerTest" classname="Tests.Feature.Http.AuthControllerTest" file="C:\Users\carlo\PhpstormProjects\ipsenh-backend\tests\Feature\Http\AuthControllerTest.php" line="296" assertions="1" time="0.017764"/>
      <testcase name="test_register_returns_json_message_indicating_that_first_name_is_required" class="Tests\Feature\Http\AuthControllerTest" classname="Tests.Feature.Http.AuthControllerTest" file="C:\Users\carlo\PhpstormProjects\ipsenh-backend\tests\Feature\Http\AuthControllerTest.php" line="309" assertions="1" time="0.022379"/>
      <testcase name="test_register_returns_json_message_indicating_that_middle_name_is_required" class="Tests\Feature\Http\AuthControllerTest" classname="Tests.Feature.Http.AuthControllerTest" file="C:\Users\carlo\PhpstormProjects\ipsenh-backend\tests\Feature\Http\AuthControllerTest.php" line="322" assertions="1" time="0.017203"/>
      <testcase name="test_register_returns_json_message_indicating_that_gender_is_required" class="Tests\Feature\Http\AuthControllerTest" classname="Tests.Feature.Http.AuthControllerTest" file="C:\Users\carlo\PhpstormProjects\ipsenh-backend\tests\Feature\Http\AuthControllerTest.php" line="335" assertions="1" time="0.017669"/>
      <testcase name="test_register_returns_json_message_indicating_that_date_of_birth_is_required" class="Tests\Feature\Http\AuthControllerTest" classname="Tests.Feature.Http.AuthControllerTest" file="C:\Users\carlo\PhpstormProjects\ipsenh-backend\tests\Feature\Http\AuthControllerTest.php" line="348" assertions="1" time="0.017760"/>
      <testcase name="test_register_returns_json_message_indicating_that_about_me_is_required" class="Tests\Feature\Http\AuthControllerTest" classname="Tests.Feature.Http.AuthControllerTest" file="C:\Users\carlo\PhpstormProjects\ipsenh-backend\tests\Feature\Http\AuthControllerTest.php" line="361" assertions="1" time="0.016946"/>
      <testcase name="test_register_returns_json_message_indicating_that_age_range_top_is_required" class="Tests\Feature\Http\AuthControllerTest" classname="Tests.Feature.Http.AuthControllerTest" file="C:\Users\carlo\PhpstormProjects\ipsenh-backend\tests\Feature\Http\AuthControllerTest.php" line="374" assertions="1" time="0.016930"/>
      <testcase name="test_register_returns_json_message_indicating_that_age_range_bottom_is_required" class="Tests\Feature\Http\AuthControllerTest" classname="Tests.Feature.Http.AuthControllerTest" file="C:\Users\carlo\PhpstormProjects\ipsenh-backend\tests\Feature\Http\AuthControllerTest.php" line="387" assertions="1" time="0.017736"/>
      <testcase name="test_register_returns_json_message_indicating_that_max_distance_is_required" class="Tests\Feature\Http\AuthControllerTest" classname="Tests.Feature.Http.AuthControllerTest" file="C:\Users\carlo\PhpstormProjects\ipsenh-backend\tests\Feature\Http\AuthControllerTest.php" line="400" assertions="1" time="0.020334"/>
      <testcase name="test_register_returns_json_message_indicating_that_interest_is_required" class="Tests\Feature\Http\AuthControllerTest" classname="Tests.Feature.Http.AuthControllerTest" file="C:\Users\carlo\PhpstormProjects\ipsenh-backend\tests\Feature\Http\AuthControllerTest.php" line="413" assertions="1" time="0.017203"/>
      <testcase name="test_register_returns_json_message_indicating_that_email_is_invalid" class="Tests\Feature\Http\AuthControllerTest" classname="Tests.Feature.Http.AuthControllerTest" file="C:\Users\carlo\PhpstormProjects\ipsenh-backend\tests\Feature\Http\AuthControllerTest.php" line="426" assertions="1" time="0.028658"/>
      <testcase name="test_register_returns_json_message_indicating_that_password_must_be_at_least_be_8_characters_long" class="Tests\Feature\Http\AuthControllerTest" classname="Tests.Feature.Http.AuthControllerTest" file="C:\Users\carlo\PhpstormProjects\ipsenh-backend\tests\Feature\Http\AuthControllerTest.php" line="440" assertions="1" time="0.018488"/>
      <testcase name="test_register_returns_json_message_indicating_that_first_name_must_be_at_least_be_3_characters_long" class="Tests\Feature\Http\AuthControllerTest" classname="Tests.Feature.Http.AuthControllerTest" file="C:\Users\carlo\PhpstormProjects\ipsenh-backend\tests\Feature\Http\AuthControllerTest.php" line="453" assertions="1" time="0.017958"/>
      <testcase name="test_register_returns_json_message_indicating_that_middle_name_must_be_at_least_be_3_characters_long" class="Tests\Feature\Http\AuthControllerTest" classname="Tests.Feature.Http.AuthControllerTest" file="C:\Users\carlo\PhpstormProjects\ipsenh-backend\tests\Feature\Http\AuthControllerTest.php" line="466" assertions="1" time="0.018864"/>
      <testcase name="test_register_returns_json_message_indicating_that_last_name_must_be_at_least_be_3_characters_long" class="Tests\Feature\Http\AuthControllerTest" classname="Tests.Feature.Http.AuthControllerTest" file="C:\Users\carlo\PhpstormProjects\ipsenh-backend\tests\Feature\Http\AuthControllerTest.php" line="480" assertions="1" time="0.018830"/>
      <testcase name="test_register_returns_json_message_indicating_that_gender_must_be_a_male_female_or_undefined" class="Tests\Feature\Http\AuthControllerTest" classname="Tests.Feature.Http.AuthControllerTest" file="C:\Users\carlo\PhpstormProjects\ipsenh-backend\tests\Feature\Http\AuthControllerTest.php" line="493" assertions="0" time="0.062106">
        <skipped/>
      </testcase>
      <testcase name="test_register_returns_json_message_indicating_that_date_of_birt_must_be_a_valid_date" class="Tests\Feature\Http\AuthControllerTest" classname="Tests.Feature.Http.AuthControllerTest" file="C:\Users\carlo\PhpstormProjects\ipsenh-backend\tests\Feature\Http\AuthControllerTest.php" line="498" assertions="1" time="0.018222"/>
      <testcase name="test_register_returns_json_message_indicating_that_about_me_cannot_exceed_255_characters" class="Tests\Feature\Http\AuthControllerTest" classname="Tests.Feature.Http.AuthControllerTest" file="C:\Users\carlo\PhpstormProjects\ipsenh-backend\tests\Feature\Http\AuthControllerTest.php" line="511" assertions="0" time="0.017274">
        <skipped/>
      </testcase>
    </testsuite>
    <testsuite name="Tests\Feature\Http\CodesnippetControllerTest" file="C:\Users\carlo\PhpstormProjects\ipsenh-backend\tests\Feature\Http\CodesnippetControllerTest.php" tests="21" assertions="57" errors="0" warnings="0" failures="0" skipped="0" time="0.697152">
      <testcase name="test_authenticated_user_can_create_codesnippet" class="Tests\Feature\Http\CodesnippetControllerTest" classname="Tests.Feature.Http.CodesnippetControllerTest" file="C:\Users\carlo\PhpstormProjects\ipsenh-backend\tests\Feature\Http\CodesnippetControllerTest.php" line="22" assertions="1" time="0.129427"/>
      <testcase name="test_not_authenticated_user_cannot_create_codesnippet" class="Tests\Feature\Http\CodesnippetControllerTest" classname="Tests.Feature.Http.CodesnippetControllerTest" file="C:\Users\carlo\PhpstormProjects\ipsenh-backend\tests\Feature\Http\CodesnippetControllerTest.php" line="29" assertions="1" time="0.028277"/>
      <testcase name="test_api_post_codesnippet_returns_json_when_not_authenticated" class="Tests\Feature\Http\CodesnippetControllerTest" classname="Tests.Feature.Http.CodesnippetControllerTest" file="C:\Users\carlo\PhpstormProjects\ipsenh-backend\tests\Feature\Http\CodesnippetControllerTest.php" line="34" assertions="1" time="0.033746"/>
      <testcase name="test_api_post_codesnippet_creates_codesnippet_in_database_when_authenticated" class="Tests\Feature\Http\CodesnippetControllerTest" classname="Tests.Feature.Http.CodesnippetControllerTest" file="C:\Users\carlo\PhpstormProjects\ipsenh-backend\tests\Feature\Http\CodesnippetControllerTest.php" line="41" assertions="1" time="0.018924"/>
      <testcase name="test_api_post_codesnippet_doesnt_create_codesnippet_in_database_when_not_authenticated" class="Tests\Feature\Http\CodesnippetControllerTest" classname="Tests.Feature.Http.CodesnippetControllerTest" file="C:\Users\carlo\PhpstormProjects\ipsenh-backend\tests\Feature\Http\CodesnippetControllerTest.php" line="52" assertions="1" time="0.017883"/>
      <testcase name="test_api_get_codesnippetByUserId_user_can_get_codesnippets_by_id" class="Tests\Feature\Http\CodesnippetControllerTest" classname="Tests.Feature.Http.CodesnippetControllerTest" file="C:\Users\carlo\PhpstormProjects\ipsenh-backend\tests\Feature\Http\CodesnippetControllerTest.php" line="63" assertions="1" time="0.130159"/>
      <testcase name="test_api_get_codesnippetByUserId_returns_json_when_not_authenticated" class="Tests\Feature\Http\CodesnippetControllerTest" classname="Tests.Feature.Http.CodesnippetControllerTest" file="C:\Users\carlo\PhpstormProjects\ipsenh-backend\tests\Feature\Http\CodesnippetControllerTest.php" line="70" assertions="1" time="0.019047"/>
      <testcase name="test_api_get_codesnippetByUserId_does_not_return_codesnippets_of_user_by_id_when_not_authenticated" class="Tests\Feature\Http\CodesnippetControllerTest" classname="Tests.Feature.Http.CodesnippetControllerTest" file="C:\Users\carlo\PhpstormProjects\ipsenh-backend\tests\Feature\Http\CodesnippetControllerTest.php" line="79" assertions="7" time="0.035567"/>
      <testcase name="test_api_get_codesnippetByUserId_returns_codesnippets_of_user_by_id_when_authenticated" class="Tests\Feature\Http\CodesnippetControllerTest" classname="Tests.Feature.Http.CodesnippetControllerTest" file="C:\Users\carlo\PhpstormProjects\ipsenh-backend\tests\Feature\Http\CodesnippetControllerTest.php" line="88" assertions="7" time="0.020297"/>
      <testcase name="test_api_get_codesnippetByAuthId_user_can_get_codesnippets_when_authenticated" class="Tests\Feature\Http\CodesnippetControllerTest" classname="Tests.Feature.Http.CodesnippetControllerTest" file="C:\Users\carlo\PhpstormProjects\ipsenh-backend\tests\Feature\Http\CodesnippetControllerTest.php" line="97" assertions="1" time="0.019345"/>
      <testcase name="test_api_get_codesnippetByAuthId_returns_json_when_not_authenticated" class="Tests\Feature\Http\CodesnippetControllerTest" classname="Tests.Feature.Http.CodesnippetControllerTest" file="C:\Users\carlo\PhpstormProjects\ipsenh-backend\tests\Feature\Http\CodesnippetControllerTest.php" line="103" assertions="1" time="0.020109"/>
      <testcase name="test_api_get_codesnippetByAuthId_does_not_return_codesnippets_of_auth_user_when_not_authenticated" class="Tests\Feature\Http\CodesnippetControllerTest" classname="Tests.Feature.Http.CodesnippetControllerTest" file="C:\Users\carlo\PhpstormProjects\ipsenh-backend\tests\Feature\Http\CodesnippetControllerTest.php" line="111" assertions="7" time="0.021667"/>
      <testcase name="test_api_get_codesnippetByAuthId_returns_codesnippets_of_auth_user_when_authenticated" class="Tests\Feature\Http\CodesnippetControllerTest" classname="Tests.Feature.Http.CodesnippetControllerTest" file="C:\Users\carlo\PhpstormProjects\ipsenh-backend\tests\Feature\Http\CodesnippetControllerTest.php" line="119" assertions="7" time="0.021044"/>
      <testcase name="test_api_put_user_can_update_codesnippets_when_authenticated" class="Tests\Feature\Http\CodesnippetControllerTest" classname="Tests.Feature.Http.CodesnippetControllerTest" file="C:\Users\carlo\PhpstormProjects\ipsenh-backend\tests\Feature\Http\CodesnippetControllerTest.php" line="127" assertions="1" time="0.022183"/>
      <testcase name="test_api_put_returns_json_when_not_authenticated" class="Tests\Feature\Http\CodesnippetControllerTest" classname="Tests.Feature.Http.CodesnippetControllerTest" file="C:\Users\carlo\PhpstormProjects\ipsenh-backend\tests\Feature\Http\CodesnippetControllerTest.php" line="141" assertions="1" time="0.021239"/>
      <testcase name="test_api_put_updates_codesnippet_when_authenticated" class="Tests\Feature\Http\CodesnippetControllerTest" classname="Tests.Feature.Http.CodesnippetControllerTest" file="C:\Users\carlo\PhpstormProjects\ipsenh-backend\tests\Feature\Http\CodesnippetControllerTest.php" line="151" assertions="1" time="0.022781"/>
      <testcase name="test_api_put_does_not_update_codesnippet_when_not_authenticated" class="Tests\Feature\Http\CodesnippetControllerTest" classname="Tests.Feature.Http.CodesnippetControllerTest" file="C:\Users\carlo\PhpstormProjects\ipsenh-backend\tests\Feature\Http\CodesnippetControllerTest.php" line="164" assertions="1" time="0.023194"/>
      <testcase name="test_api_delete_user_can_delete_codesnippets_when_authenticated" class="Tests\Feature\Http\CodesnippetControllerTest" classname="Tests.Feature.Http.CodesnippetControllerTest" file="C:\Users\carlo\PhpstormProjects\ipsenh-backend\tests\Feature\Http\CodesnippetControllerTest.php" line="176" assertions="1" time="0.021281"/>
      <testcase name="test_api_delete_returns_json_when_not_authenticated" class="Tests\Feature\Http\CodesnippetControllerTest" classname="Tests.Feature.Http.CodesnippetControllerTest" file="C:\Users\carlo\PhpstormProjects\ipsenh-backend\tests\Feature\Http\CodesnippetControllerTest.php" line="187" assertions="1" time="0.021102"/>
      <testcase name="test_api_delete_does_not_delete_codesnippet_when_not_authenticated" class="Tests\Feature\Http\CodesnippetControllerTest" classname="Tests.Feature.Http.CodesnippetControllerTest" file="C:\Users\carlo\PhpstormProjects\ipsenh-backend\tests\Feature\Http\CodesnippetControllerTest.php" line="197" assertions="7" time="0.022377"/>
      <testcase name="test_api_delete_deletes_codesnippet_when_authenticated" class="Tests\Feature\Http\CodesnippetControllerTest" classname="Tests.Feature.Http.CodesnippetControllerTest" file="C:\Users\carlo\PhpstormProjects\ipsenh-backend\tests\Feature\Http\CodesnippetControllerTest.php" line="206" assertions="7" time="0.027502"/>
    </testsuite>
    <testsuite name="Tests\Feature\Http\LikeControllerTest" file="C:\Users\carlo\PhpstormProjects\ipsenh-backend\tests\Feature\Http\LikeControllerTest.php" tests="7" assertions="7" errors="0" warnings="0" failures="0" skipped="0" time="0.291734">
      <testcase name="test_authenticated_user_can_create_like" class="Tests\Feature\Http\LikeControllerTest" classname="Tests.Feature.Http.LikeControllerTest" file="C:\Users\carlo\PhpstormProjects\ipsenh-backend\tests\Feature\Http\LikeControllerTest.php" line="33" assertions="1" time="0.149223"/>
      <testcase name="test_not_authenticated_user_cannot_create_like" class="Tests\Feature\Http\LikeControllerTest" classname="Tests.Feature.Http.LikeControllerTest" file="C:\Users\carlo\PhpstormProjects\ipsenh-backend\tests\Feature\Http\LikeControllerTest.php" line="40" assertions="1" time="0.025390"/>
      <testcase name="test_api_post_like_returns_json_when_not_authenticated" class="Tests\Feature\Http\LikeControllerTest" classname="Tests.Feature.Http.LikeControllerTest" file="C:\Users\carlo\PhpstormProjects\ipsenh-backend\tests\Feature\Http\LikeControllerTest.php" line="45" assertions="1" time="0.021985"/>
      <testcase name="test_api_post_like_creates_like_in_database_when_authenticated" class="Tests\Feature\Http\LikeControllerTest" classname="Tests.Feature.Http.LikeControllerTest" file="C:\Users\carlo\PhpstormProjects\ipsenh-backend\tests\Feature\Http\LikeControllerTest.php" line="52" assertions="1" time="0.023143"/>
      <testcase name="test_api_post_like_doesnt_create_like_in_database_when_not_authenticated" class="Tests\Feature\Http\LikeControllerTest" classname="Tests.Feature.Http.LikeControllerTest" file="C:\Users\carlo\PhpstormProjects\ipsenh-backend\tests\Feature\Http\LikeControllerTest.php" line="63" assertions="1" time="0.022523"/>
      <testcase name="test_api_post_like_returns_200" class="Tests\Feature\Http\LikeControllerTest" classname="Tests.Feature.Http.LikeControllerTest" file="C:\Users\carlo\PhpstormProjects\ipsenh-backend\tests\Feature\Http\LikeControllerTest.php" line="76" assertions="1" time="0.025278"/>
      <testcase name="test_api_post_like_returns_422" class="Tests\Feature\Http\LikeControllerTest" classname="Tests.Feature.Http.LikeControllerTest" file="C:\Users\carlo\PhpstormProjects\ipsenh-backend\tests\Feature\Http\LikeControllerTest.php" line="81" assertions="1" time="0.024192"/>
    </testsuite>
    <testsuite name="Tests\Feature\Http\LikeMatchControllerTest" file="C:\Users\carlo\PhpstormProjects\ipsenh-backend\tests\Feature\Http\LikeMatchControllerTest.php" tests="18" assertions="19" errors="0" warnings="0" failures="0" skipped="0" time="0.802154">
      <testcase name="test_api_get_match_returns_status_200_when_authenticated_with_existing_id" class="Tests\Feature\Http\LikeMatchControllerTest" classname="Tests.Feature.Http.LikeMatchControllerTest" file="C:\Users\carlo\PhpstormProjects\ipsenh-backend\tests\Feature\Http\LikeMatchControllerTest.php" line="25" assertions="1" time="0.075380"/>
      <testcase name="test_api_get_match_returns_json_with_messages_when_authenticated_with_existing_id" class="Tests\Feature\Http\LikeMatchControllerTest" classname="Tests.Feature.Http.LikeMatchControllerTest" file="C:\Users\carlo\PhpstormProjects\ipsenh-backend\tests\Feature\Http\LikeMatchControllerTest.php" line="30" assertions="1" time="0.030900"/>
      <testcase name="test_api_get_match_returns_json_with_matched_user_when_authenticated_with_existing_id" class="Tests\Feature\Http\LikeMatchControllerTest" classname="Tests.Feature.Http.LikeMatchControllerTest" file="C:\Users\carlo\PhpstormProjects\ipsenh-backend\tests\Feature\Http\LikeMatchControllerTest.php" line="37" assertions="1" time="0.033623"/>
      <testcase name="test_api_get_match_returns_status_404_when_authenticated_with_non_existing_id" class="Tests\Feature\Http\LikeMatchControllerTest" classname="Tests.Feature.Http.LikeMatchControllerTest" file="C:\Users\carlo\PhpstormProjects\ipsenh-backend\tests\Feature\Http\LikeMatchControllerTest.php" line="44" assertions="1" time="0.046379"/>
      <testcase name="test_api_get_match_returns_json_with_error_message_when_authenticated_with_non_existing_id" class="Tests\Feature\Http\LikeMatchControllerTest" classname="Tests.Feature.Http.LikeMatchControllerTest" file="C:\Users\carlo\PhpstormProjects\ipsenh-backend\tests\Feature\Http\LikeMatchControllerTest.php" line="50" assertions="1" time="0.025264"/>
      <testcase name="test_api_get_match_returns_json_without_messages_when_authenticated_with_non_existing_id" class="Tests\Feature\Http\LikeMatchControllerTest" classname="Tests.Feature.Http.LikeMatchControllerTest" file="C:\Users\carlo\PhpstormProjects\ipsenh-backend\tests\Feature\Http\LikeMatchControllerTest.php" line="58" assertions="1" time="0.024805"/>
      <testcase name="test_api_get_match_returns_status_401_when_not_authenticated" class="Tests\Feature\Http\LikeMatchControllerTest" classname="Tests.Feature.Http.LikeMatchControllerTest" file="C:\Users\carlo\PhpstormProjects\ipsenh-backend\tests\Feature\Http\LikeMatchControllerTest.php" line="66" assertions="1" time="0.024284"/>
      <testcase name="test_api_get_match_returns_json_with_error_message_when_not_authenticated" class="Tests\Feature\Http\LikeMatchControllerTest" classname="Tests.Feature.Http.LikeMatchControllerTest" file="C:\Users\carlo\PhpstormProjects\ipsenh-backend\tests\Feature\Http\LikeMatchControllerTest.php" line="71" assertions="1" time="0.025652"/>
      <testcase name="test_api_get_match_returns_json_with_without_data_when_not_authenticated" class="Tests\Feature\Http\LikeMatchControllerTest" classname="Tests.Feature.Http.LikeMatchControllerTest" file="C:\Users\carlo\PhpstormProjects\ipsenh-backend\tests\Feature\Http\LikeMatchControllerTest.php" line="78" assertions="2" time="0.025251"/>
      <testcase name="test_api_get_matches_of_user_returns_status_200_when_authenticated" class="Tests\Feature\Http\LikeMatchControllerTest" classname="Tests.Feature.Http.LikeMatchControllerTest" file="C:\Users\carlo\PhpstormProjects\ipsenh-backend\tests\Feature\Http\LikeMatchControllerTest.php" line="86" assertions="1" time="0.053184"/>
      <testcase name="test_api_get_matches_of_user_returns_status_401_when_not_authenticated" class="Tests\Feature\Http\LikeMatchControllerTest" classname="Tests.Feature.Http.LikeMatchControllerTest" file="C:\Users\carlo\PhpstormProjects\ipsenh-backend\tests\Feature\Http\LikeMatchControllerTest.php" line="91" assertions="1" time="0.025188"/>
      <testcase name="test_api_get_matches_of_user_returns_json_with_error_message_when_not_authenticated" class="Tests\Feature\Http\LikeMatchControllerTest" classname="Tests.Feature.Http.LikeMatchControllerTest" file="C:\Users\carlo\PhpstormProjects\ipsenh-backend\tests\Feature\Http\LikeMatchControllerTest.php" line="96" assertions="1" time="0.026719"/>
      <testcase name="test_api_delete_match_returns_status_200_when_authenticated_with_existing_id" class="Tests\Feature\Http\LikeMatchControllerTest" classname="Tests.Feature.Http.LikeMatchControllerTest" file="C:\Users\carlo\PhpstormProjects\ipsenh-backend\tests\Feature\Http\LikeMatchControllerTest.php" line="103" assertions="1" time="0.256076"/>
      <testcase name="test_api_delete_match_returns_json_when_authenticated_with_existing_id" class="Tests\Feature\Http\LikeMatchControllerTest" classname="Tests.Feature.Http.LikeMatchControllerTest" file="C:\Users\carlo\PhpstormProjects\ipsenh-backend\tests\Feature\Http\LikeMatchControllerTest.php" line="108" assertions="1" time="0.027348"/>
      <testcase name="test_api_delete_match_returns_status_404_when_authenticated_with_non_existing_id" class="Tests\Feature\Http\LikeMatchControllerTest" classname="Tests.Feature.Http.LikeMatchControllerTest" file="C:\Users\carlo\PhpstormProjects\ipsenh-backend\tests\Feature\Http\LikeMatchControllerTest.php" line="115" assertions="1" time="0.025220"/>
      <testcase name="test_api_delete_match_returns_json_when_authenticated_with_non_existing_id" class="Tests\Feature\Http\LikeMatchControllerTest" classname="Tests.Feature.Http.LikeMatchControllerTest" file="C:\Users\carlo\PhpstormProjects\ipsenh-backend\tests\Feature\Http\LikeMatchControllerTest.php" line="121" assertions="1" time="0.025674"/>
      <testcase name="test_api_delete_match_returns_status_401_when_not_authenticated" class="Tests\Feature\Http\LikeMatchControllerTest" classname="Tests.Feature.Http.LikeMatchControllerTest" file="C:\Users\carlo\PhpstormProjects\ipsenh-backend\tests\Feature\Http\LikeMatchControllerTest.php" line="129" assertions="1" time="0.025422"/>
      <testcase name="test_api_delete_match_returns_json_when_not_authenticated" class="Tests\Feature\Http\LikeMatchControllerTest" classname="Tests.Feature.Http.LikeMatchControllerTest" file="C:\Users\carlo\PhpstormProjects\ipsenh-backend\tests\Feature\Http\LikeMatchControllerTest.php" line="134" assertions="1" time="0.025783"/>
    </testsuite>
    <testsuite name="Tests\Feature\Http\MessageControllerTest" file="C:\Users\carlo\PhpstormProjects\ipsenh-backend\tests\Feature\Http\MessageControllerTest.php" tests="6" assertions="6" errors="0" warnings="0" failures="0" skipped="0" time="1.203039">
      <testcase name="test_api_post_message_returns_status_200_when_authenticated" class="Tests\Feature\Http\MessageControllerTest" classname="Tests.Feature.Http.MessageControllerTest" file="C:\Users\carlo\PhpstormProjects\ipsenh-backend\tests\Feature\Http\MessageControllerTest.php" line="29" assertions="1" time="1.050888"/>
      <testcase name="test_api_post_message_creates_message_in_database_when_authenticated" class="Tests\Feature\Http\MessageControllerTest" classname="Tests.Feature.Http.MessageControllerTest" file="C:\Users\carlo\PhpstormProjects\ipsenh-backend\tests\Feature\Http\MessageControllerTest.php" line="34" assertions="1" time="0.031534"/>
      <testcase name="test_api_post_message_returns_json_when_authenticated" class="Tests\Feature\Http\MessageControllerTest" classname="Tests.Feature.Http.MessageControllerTest" file="C:\Users\carlo\PhpstormProjects\ipsenh-backend\tests\Feature\Http\MessageControllerTest.php" line="45" assertions="1" time="0.029478"/>
      <testcase name="test_api_post_message_returns_status_401_when_not_authenticated" class="Tests\Feature\Http\MessageControllerTest" classname="Tests.Feature.Http.MessageControllerTest" file="C:\Users\carlo\PhpstormProjects\ipsenh-backend\tests\Feature\Http\MessageControllerTest.php" line="50" assertions="1" time="0.027458"/>
      <testcase name="test_api_post_message_doesnt_create_message_in_database_when_not_authenticated" class="Tests\Feature\Http\MessageControllerTest" classname="Tests.Feature.Http.MessageControllerTest" file="C:\Users\carlo\PhpstormProjects\ipsenh-backend\tests\Feature\Http\MessageControllerTest.php" line="55" assertions="1" time="0.030036"/>
      <testcase name="test_api_post_message_returns_json_when_not_authenticated" class="Tests\Feature\Http\MessageControllerTest" classname="Tests.Feature.Http.MessageControllerTest" file="C:\Users\carlo\PhpstormProjects\ipsenh-backend\tests\Feature\Http\MessageControllerTest.php" line="66" assertions="1" time="0.033646"/>
    </testsuite>
    <testsuite name="Tests\Feature\Http\MessageCreatedTest" file="C:\Users\carlo\PhpstormProjects\ipsenh-backend\tests\Feature\Http\MessageCreatedTest.php" tests="1" assertions="1" errors="0" warnings="0" failures="0" skipped="0" time="0.318357">
      <testcase name="test_message_expected_event_can_fire" class="Tests\Feature\Http\MessageCreatedTest" classname="Tests.Feature.Http.MessageCreatedTest" file="C:\Users\carlo\PhpstormProjects\ipsenh-backend\tests\Feature\Http\MessageCreatedTest.php" line="34" assertions="1" time="0.318357"/>
    </testsuite>
    <testsuite name="Tests\Feature\Http\UserControllerTest" file="C:\Users\carlo\PhpstormProjects\ipsenh-backend\tests\Feature\Http\UserControllerTest.php" tests="6" assertions="6" errors="0" warnings="0" failures="0" skipped="0" time="0.181741">
      <testcase name="test_api_get_potential_matches_returns_200" class="Tests\Feature\Http\UserControllerTest" classname="Tests.Feature.Http.UserControllerTest" file="C:\Users\carlo\PhpstormProjects\ipsenh-backend\tests\Feature\Http\UserControllerTest.php" line="41" assertions="1" time="0.049703"/>
      <testcase name="test_api_get_potential_matches_returns_404" class="Tests\Feature\Http\UserControllerTest" classname="Tests.Feature.Http.UserControllerTest" file="C:\Users\carlo\PhpstormProjects\ipsenh-backend\tests\Feature\Http\UserControllerTest.php" line="46" assertions="1" time="0.025567"/>
      <testcase name="test_api_get_returns_200" class="Tests\Feature\Http\UserControllerTest" classname="Tests.Feature.Http.UserControllerTest" file="C:\Users\carlo\PhpstormProjects\ipsenh-backend\tests\Feature\Http\UserControllerTest.php" line="52" assertions="1" time="0.025942"/>
      <testcase name="test_api_get_returns_404" class="Tests\Feature\Http\UserControllerTest" classname="Tests.Feature.Http.UserControllerTest" file="C:\Users\carlo\PhpstormProjects\ipsenh-backend\tests\Feature\Http\UserControllerTest.php" line="57" assertions="1" time="0.025723"/>
      <testcase name="test_api_get_user_returns_json_when_not_authenticated" class="Tests\Feature\Http\UserControllerTest" classname="Tests.Feature.Http.UserControllerTest" file="C:\Users\carlo\PhpstormProjects\ipsenh-backend\tests\Feature\Http\UserControllerTest.php" line="63" assertions="1" time="0.027400"/>
      <testcase name="test_api_get_potentialmatches_returns_json_when_not_authenticated" class="Tests\Feature\Http\UserControllerTest" classname="Tests.Feature.Http.UserControllerTest" file="C:\Users\carlo\PhpstormProjects\ipsenh-backend\tests\Feature\Http\UserControllerTest.php" line="70" assertions="1" time="0.027405"/>
    </testsuite>
    <testsuite name="Tests\Unit\Services\AuthServiceTest" file="C:\Users\carlo\PhpstormProjects\ipsenh-backend\tests\Unit\Services\AuthServiceTest.php" tests="1" assertions="1" errors="0" warnings="0" failures="0" skipped="0" time="0.077102">
      <testcase name="test_service_register_function_stores_user_in_the_database" class="Tests\Unit\Services\AuthServiceTest" classname="Tests.Unit.Services.AuthServiceTest" file="C:\Users\carlo\PhpstormProjects\ipsenh-backend\tests\Unit\Services\AuthServiceTest.php" line="23" assertions="1" time="0.077102"/>
    </testsuite>
    <testsuite name="Tests\Unit\Services\LikeMatchServiceTest" file="C:\Users\carlo\PhpstormProjects\ipsenh-backend\tests\Unit\Services\LikeMatchServiceTest.php" tests="5" assertions="7" errors="0" warnings="0" failures="0" skipped="0" time="0.226721">
      <testcase name="test_service_create_function_stores_like_match_in_the_database" class="Tests\Unit\Services\LikeMatchServiceTest" classname="Tests.Unit.Services.LikeMatchServiceTest" file="C:\Users\carlo\PhpstormProjects\ipsenh-backend\tests\Unit\Services\LikeMatchServiceTest.php" line="23" assertions="1" time="0.026332"/>
      <testcase name="test_service_delete_function_deletes_like_match_in_the_database" class="Tests\Unit\Services\LikeMatchServiceTest" classname="Tests.Unit.Services.LikeMatchServiceTest" file="C:\Users\carlo\PhpstormProjects\ipsenh-backend\tests\Unit\Services\LikeMatchServiceTest.php" line="30" assertions="1" time="0.028223"/>
      <testcase name="test_service_getById_function_gets_like_match_from_database_by_id" class="Tests\Unit\Services\LikeMatchServiceTest" classname="Tests.Unit.Services.LikeMatchServiceTest" file="C:\Users\carlo\PhpstormProjects\ipsenh-backend\tests\Unit\Services\LikeMatchServiceTest.php" line="41" assertions="2" time="0.093814"/>
      <testcase name="test_service_getAllLikeMatchesOfAuthUser_function_returns_like_matches_of_auth_user" class="Tests\Unit\Services\LikeMatchServiceTest" classname="Tests.Unit.Services.LikeMatchServiceTest" file="C:\Users\carlo\PhpstormProjects\ipsenh-backend\tests\Unit\Services\LikeMatchServiceTest.php" line="51" assertions="2" time="0.034922"/>
      <testcase name="test_service_getAllLikeMatchesOfAuthUser_function_returns_empty_array_when_there_are_no_like_matches" class="Tests\Unit\Services\LikeMatchServiceTest" classname="Tests.Unit.Services.LikeMatchServiceTest" file="C:\Users\carlo\PhpstormProjects\ipsenh-backend\tests\Unit\Services\LikeMatchServiceTest.php" line="59" assertions="1" time="0.043430"/>
    </testsuite>
    <testsuite name="Tests\Unit\Services\MessageServiceTest" file="C:\Users\carlo\PhpstormProjects\ipsenh-backend\tests\Unit\Services\MessageServiceTest.php" tests="4" assertions="4" errors="0" warnings="0" failures="0" skipped="0" time="0.133624">
      <testcase name="test_service_create_function_stores_like_match_in_the_database" class="Tests\Unit\Services\MessageServiceTest" classname="Tests.Unit.Services.MessageServiceTest" file="C:\Users\carlo\PhpstormProjects\ipsenh-backend\tests\Unit\Services\MessageServiceTest.php" line="40" assertions="1" time="0.037220"/>
      <testcase name="test_service_broadcast_should_fire_message_created_event" class="Tests\Unit\Services\MessageServiceTest" classname="Tests.Unit.Services.MessageServiceTest" file="C:\Users\carlo\PhpstormProjects\ipsenh-backend\tests\Unit\Services\MessageServiceTest.php" line="48" assertions="1" time="0.035459"/>
      <testcase name="test_service_broadcast_should_return_message_object" class="Tests\Unit\Services\MessageServiceTest" classname="Tests.Unit.Services.MessageServiceTest" file="C:\Users\carlo\PhpstormProjects\ipsenh-backend\tests\Unit\Services\MessageServiceTest.php" line="55" assertions="1" time="0.030230"/>
      <testcase name="test_service_save_should_store_message_in_database" class="Tests\Unit\Services\MessageServiceTest" classname="Tests.Unit.Services.MessageServiceTest" file="C:\Users\carlo\PhpstormProjects\ipsenh-backend\tests\Unit\Services\MessageServiceTest.php" line="62" assertions="1" time="0.030715"/>
    </testsuite>
  </testsuite>
</testsuites>
